error TS5025: Unknown compiler option '-Path'. Did you mean 'paths'?
